  ball.cpp
C:\Users\agent\OneDrive\Desktop\C++\SFML Folders\SFML-3.0.0-windows-vc17-64-bit\SFML-3.0.0\include\SFML\System\Exception.hpp(41,47): warning C4275: non dll-interface class 'std::runtime_error' used as base for dll-interface class 'sf::Exception'
  (compiling source file 'ball.cpp')
      C:\Program Files\Microsoft Visual Studio\18\Community\VC\Tools\MSVC\14.50.35717\include\stdexcept(100,30):
      see declaration of 'std::runtime_error'
      C:\Users\agent\OneDrive\Desktop\C++\SFML Folders\SFML-3.0.0-windows-vc17-64-bit\SFML-3.0.0\include\SFML\System\Exception.hpp(41,23):
      see declaration of 'sf::Exception'
  
C:\Users\agent\OneDrive\Desktop\C++\SFML - C++ - First Projects\Pong CPP SFML Github\ball.cpp(23,23): warning C4244: 'initializing': conversion from 'int' to 'float', possible loss of data
C:\Users\agent\OneDrive\Desktop\C++\SFML - C++ - First Projects\Pong CPP SFML Github\ball.cpp(28,34): warning C4244: '+=': conversion from 'double' to 'T', possible loss of data
C:\Users\agent\OneDrive\Desktop\C++\SFML - C++ - First Projects\Pong CPP SFML Github\ball.cpp(28,34): warning C4244:         with
C:\Users\agent\OneDrive\Desktop\C++\SFML - C++ - First Projects\Pong CPP SFML Github\ball.cpp(28,34): warning C4244:         [
C:\Users\agent\OneDrive\Desktop\C++\SFML - C++ - First Projects\Pong CPP SFML Github\ball.cpp(28,34): warning C4244:             T=float
C:\Users\agent\OneDrive\Desktop\C++\SFML - C++ - First Projects\Pong CPP SFML Github\ball.cpp(28,34): warning C4244:         ]
  closing.cpp
C:\Users\agent\OneDrive\Desktop\C++\SFML Folders\SFML-3.0.0-windows-vc17-64-bit\SFML-3.0.0\include\SFML\System\Exception.hpp(41,47): warning C4275: non dll-interface class 'std::runtime_error' used as base for dll-interface class 'sf::Exception'
  (compiling source file 'closing.cpp')
      C:\Program Files\Microsoft Visual Studio\18\Community\VC\Tools\MSVC\14.50.35717\include\stdexcept(100,30):
      see declaration of 'std::runtime_error'
      C:\Users\agent\OneDrive\Desktop\C++\SFML Folders\SFML-3.0.0-windows-vc17-64-bit\SFML-3.0.0\include\SFML\System\Exception.hpp(41,23):
      see declaration of 'sf::Exception'
  
  credits.cpp
C:\Users\agent\OneDrive\Desktop\C++\SFML Folders\SFML-3.0.0-windows-vc17-64-bit\SFML-3.0.0\include\SFML\System\Exception.hpp(41,47): warning C4275: non dll-interface class 'std::runtime_error' used as base for dll-interface class 'sf::Exception'
  (compiling source file 'credits.cpp')
      C:\Program Files\Microsoft Visual Studio\18\Community\VC\Tools\MSVC\14.50.35717\include\stdexcept(100,30):
      see declaration of 'std::runtime_error'
      C:\Users\agent\OneDrive\Desktop\C++\SFML Folders\SFML-3.0.0-windows-vc17-64-bit\SFML-3.0.0\include\SFML\System\Exception.hpp(41,23):
      see declaration of 'sf::Exception'
  
  main.cpp
C:\Users\agent\OneDrive\Desktop\C++\SFML Folders\SFML-3.0.0-windows-vc17-64-bit\SFML-3.0.0\include\SFML\System\Exception.hpp(41,47): warning C4275: non dll-interface class 'std::runtime_error' used as base for dll-interface class 'sf::Exception'
  (compiling source file 'main.cpp')
      C:\Program Files\Microsoft Visual Studio\18\Community\VC\Tools\MSVC\14.50.35717\include\stdexcept(100,30):
      see declaration of 'std::runtime_error'
      C:\Users\agent\OneDrive\Desktop\C++\SFML Folders\SFML-3.0.0-windows-vc17-64-bit\SFML-3.0.0\include\SFML\System\Exception.hpp(41,23):
      see declaration of 'sf::Exception'
  
C:\Users\agent\OneDrive\Desktop\C++\SFML - C++ - First Projects\Pong CPP SFML Github\main.cpp(26,22): warning C4834: discarding return value of function with [[nodiscard]] attribute
C:\Users\agent\OneDrive\Desktop\C++\SFML - C++ - First Projects\Pong CPP SFML Github\main.cpp(83,30): warning C4834: discarding return value of function with [[nodiscard]] attribute
C:\Users\agent\OneDrive\Desktop\C++\SFML - C++ - First Projects\Pong CPP SFML Github\main.cpp(87,32): warning C4834: discarding return value of function with [[nodiscard]] attribute
C:\Users\agent\OneDrive\Desktop\C++\SFML - C++ - First Projects\Pong CPP SFML Github\main.cpp(91,27): warning C4834: discarding return value of function with [[nodiscard]] attribute
  menu.cpp
C:\Users\agent\OneDrive\Desktop\C++\SFML Folders\SFML-3.0.0-windows-vc17-64-bit\SFML-3.0.0\include\SFML\System\Exception.hpp(41,47): warning C4275: non dll-interface class 'std::runtime_error' used as base for dll-interface class 'sf::Exception'
  (compiling source file 'menu.cpp')
      C:\Program Files\Microsoft Visual Studio\18\Community\VC\Tools\MSVC\14.50.35717\include\stdexcept(100,30):
      see declaration of 'std::runtime_error'
      C:\Users\agent\OneDrive\Desktop\C++\SFML Folders\SFML-3.0.0-windows-vc17-64-bit\SFML-3.0.0\include\SFML\System\Exception.hpp(41,23):
      see declaration of 'sf::Exception'
  
  play.cpp
C:\Users\agent\OneDrive\Desktop\C++\SFML Folders\SFML-3.0.0-windows-vc17-64-bit\SFML-3.0.0\include\SFML\System\Exception.hpp(41,47): warning C4275: non dll-interface class 'std::runtime_error' used as base for dll-interface class 'sf::Exception'
  (compiling source file 'play.cpp')
      C:\Program Files\Microsoft Visual Studio\18\Community\VC\Tools\MSVC\14.50.35717\include\stdexcept(100,30):
      see declaration of 'std::runtime_error'
      C:\Users\agent\OneDrive\Desktop\C++\SFML Folders\SFML-3.0.0-windows-vc17-64-bit\SFML-3.0.0\include\SFML\System\Exception.hpp(41,23):
      see declaration of 'sf::Exception'
  
  player.cpp
C:\Users\agent\OneDrive\Desktop\C++\SFML Folders\SFML-3.0.0-windows-vc17-64-bit\SFML-3.0.0\include\SFML\System\Exception.hpp(41,47): warning C4275: non dll-interface class 'std::runtime_error' used as base for dll-interface class 'sf::Exception'
  (compiling source file 'player.cpp')
      C:\Program Files\Microsoft Visual Studio\18\Community\VC\Tools\MSVC\14.50.35717\include\stdexcept(100,30):
      see declaration of 'std::runtime_error'
      C:\Users\agent\OneDrive\Desktop\C++\SFML Folders\SFML-3.0.0-windows-vc17-64-bit\SFML-3.0.0\include\SFML\System\Exception.hpp(41,23):
      see declaration of 'sf::Exception'
  
  score_updater.cpp
C:\Users\agent\OneDrive\Desktop\C++\SFML Folders\SFML-3.0.0-windows-vc17-64-bit\SFML-3.0.0\include\SFML\System\Exception.hpp(41,47): warning C4275: non dll-interface class 'std::runtime_error' used as base for dll-interface class 'sf::Exception'
  (compiling source file 'score_updater.cpp')
      C:\Program Files\Microsoft Visual Studio\18\Community\VC\Tools\MSVC\14.50.35717\include\stdexcept(100,30):
      see declaration of 'std::runtime_error'
      C:\Users\agent\OneDrive\Desktop\C++\SFML Folders\SFML-3.0.0-windows-vc17-64-bit\SFML-3.0.0\include\SFML\System\Exception.hpp(41,23):
      see declaration of 'sf::Exception'
  
  settings.cpp
C:\Users\agent\OneDrive\Desktop\C++\SFML Folders\SFML-3.0.0-windows-vc17-64-bit\SFML-3.0.0\include\SFML\System\Exception.hpp(41,47): warning C4275: non dll-interface class 'std::runtime_error' used as base for dll-interface class 'sf::Exception'
  (compiling source file 'settings.cpp')
      C:\Program Files\Microsoft Visual Studio\18\Community\VC\Tools\MSVC\14.50.35717\include\stdexcept(100,30):
      see declaration of 'std::runtime_error'
      C:\Users\agent\OneDrive\Desktop\C++\SFML Folders\SFML-3.0.0-windows-vc17-64-bit\SFML-3.0.0\include\SFML\System\Exception.hpp(41,23):
      see declaration of 'sf::Exception'
  
  Generating Code...
  Pong CPP SFML Github.vcxproj -> C:\Users\agent\OneDrive\Desktop\C++\SFML - C++ - First Projects\Pong CPP SFML Github\x64\Debug\Pong CPP SFML Github.exe
